01-10 20:44:24 | INFO     | ======= Cold Start =======
01-10 20:44:24 | INFO     | Depth Level :- 1
01-10 20:44:24 | INFO     | e1e8 | 10001 | 46 | 0.00
01-10 20:44:24 | INFO     | h5f7 | 10.0 | 115 | 0.01
01-10 20:44:24 | INFO     | None | inf | 0 | 0.00
01-10 20:44:24 | INFO     | e1e2 | 0 | 6 | 0.00
01-10 20:44:24 | INFO     | c3d5 | 7.75 | 243 | 0.01
01-10 20:44:24 | INFO     | f3g3 | 1 | 20 | 0.00
01-10 20:44:24 | INFO     | d5e7 | 4.25 | 313 | 0.02
01-10 20:44:24 | INFO     | g8e7 | 1.0 | 116 | 0.01
01-10 20:44:24 | INFO     | Depth Level :- 2
01-10 20:44:24 | INFO     | e1e8 | 10001 | 46 | 0.00
01-10 20:44:24 | INFO     | h5f7 | 10.0 | 115 | 0.01
01-10 20:44:24 | INFO     | None | inf | 0 | 0.00
01-10 20:44:24 | INFO     | e1e2 | 0 | 6 | 0.00
01-10 20:44:24 | INFO     | c3d5 | 7.75 | 243 | 0.01
01-10 20:44:24 | INFO     | f3g3 | 1 | 20 | 0.00
01-10 20:44:24 | INFO     | d5e7 | 4.25 | 313 | 0.02
01-10 20:44:24 | INFO     | g8e7 | 1.0 | 116 | 0.01
01-10 20:44:24 | INFO     | Depth Level :- 3
01-10 20:44:24 | INFO     | e1e8 | 10001 | 813 | 0.03
01-10 20:44:24 | INFO     | h5f7 | 13.25 | 1952 | 0.13
01-10 20:44:24 | INFO     | None | inf | 0 | 0.00
01-10 20:44:24 | INFO     | e1e2 | 0 | 18 | 0.00
01-10 20:44:24 | INFO     | c3d5 | 9.75 | 2520 | 0.14
01-10 20:44:24 | INFO     | f3g3 | 1 | 85 | 0.00
01-10 20:44:24 | INFO     | d5f6 | 10003 | 2931 | 0.19
01-10 20:44:24 | INFO     | g8f6 | -1.0 | 3670 | 0.24
01-10 20:44:24 | INFO     | Depth Level :- 4
01-10 20:44:24 | INFO     | e1e8 | 10001 | 1234 | 0.03
01-10 20:44:25 | INFO     | h5f7 | 9.0 | 8622 | 0.47
01-10 20:44:25 | INFO     | None | inf | 0 | 0.00
01-10 20:44:25 | INFO     | e1e2 | 0 | 59 | 0.00
01-10 20:44:26 | INFO     | c3d5 | 6.75 | 24794 | 1.33
01-10 20:44:26 | INFO     | f3g3 | 1 | 143 | 0.00
01-10 20:44:27 | INFO     | d5f6 | 10003 | 15836 | 0.87
01-10 20:44:28 | INFO     | g8e7 | 1.0 | 13730 | 0.77
01-10 20:44:28 | INFO     | Depth Level :- 5
01-10 20:44:28 | INFO     | e1e8 | 10001 | 11076 | 0.36
01-10 20:44:38 | INFO     | h5f7 | 12.25 | 162173 | 9.87
01-10 20:44:38 | INFO     | None | inf | 0 | 0.00
01-10 20:44:38 | INFO     | e1e2 | 0 | 128 | 0.00
01-10 20:44:50 | INFO     | c3d5 | 9.75 | 207687 | 11.40
01-10 20:44:50 | INFO     | f3g3 | 1 | 363 | 0.01
01-10 20:45:03 | INFO     | d5f6 | 10003 | 220454 | 13.04
01-10 20:45:12 | INFO     | g8f6 | -1.0 | 161214 | 9.86
01-10 20:45:12 | INFO     | Depth Level :- 6
01-10 20:45:13 | INFO     | e1e8 | 10001 | 2108 | 0.06
01-10 20:45:25 | INFO     | h5f7 | 9.0 | 233258 | 12.26
01-10 20:45:25 | INFO     | None | inf | 0 | 0.00
01-10 20:45:25 | INFO     | e1e2 | 0 | 246 | 0.01
01-10 20:46:24 | INFO     | c3d5 | 7.75 | 1103071 | 59.65
01-10 20:46:24 | INFO     | f3g3 | 1 | 390 | 0.01
01-10 20:46:43 | INFO     | d5f6 | 10003 | 335895 | 18.87
01-10 20:46:45 | INFO     | g8e7 | 1.0 | 32432 | 1.93
01-10 20:46:45 | INFO     | ======= Transposition Table =======
01-10 20:46:45 | INFO     | Position :- 6k1/5ppp/8/8/8/8/5PPP/4R1K1 w - - 0 1
01-10 20:46:45 | INFO     | 1 | e1e8 | 10001 | 46 | 0.00
01-10 20:46:45 | INFO     | 2 | e1e8 | 10001 | 20 | 0.00
01-10 20:46:45 | INFO     | 3 | e1e8 | 10001 | 813 | 0.03
01-10 20:46:45 | INFO     | 4 | e1e8 | 10001 | 63 | 0.00
01-10 20:46:46 | INFO     | 5 | e1e8 | 10001 | 11076 | 0.35
01-10 20:46:46 | INFO     | 6 | e1e8 | 10001 | 813 | 0.01
01-10 20:46:46 | INFO     | Position :- r1b1kb1r/pppp1ppp/2n2n2/4p2Q/2B1P3/8/PPPP1PPP/RNB1K1NR w KQkq - 4 4
01-10 20:46:46 | INFO     | 1 | h5f7 | 10.0 | 115 | 0.01
01-10 20:46:46 | INFO     | 2 | h5f7 | 10.0 | 43 | 0.00
01-10 20:46:46 | INFO     | 3 | h5f7 | 13.25 | 1952 | 0.12
01-10 20:46:46 | INFO     | 4 | h5f7 | 13.25 | 115 | 0.00
01-10 20:46:56 | INFO     | 5 | h5f7 | 12.25 | 162173 | 9.84
01-10 20:46:56 | INFO     | 6 | h5f7 | 12.25 | 5419 | 0.15
01-10 20:46:56 | INFO     | Position :- 7k/5Q2/6K1/8/8/8/8/8 b - - 0 1
01-10 20:46:56 | INFO     | 1 | None | inf | 0 | 0.00
01-10 20:46:56 | INFO     | 2 | None | inf | 0 | 0.00
01-10 20:46:56 | INFO     | 3 | None | inf | 0 | 0.00
01-10 20:46:56 | INFO     | 4 | None | inf | 0 | 0.00
01-10 20:46:56 | INFO     | 5 | None | inf | 0 | 0.00
01-10 20:46:56 | INFO     | 6 | None | inf | 0 | 0.00
01-10 20:46:56 | INFO     | Position :- 4k3/8/8/8/8/8/4q3/4K3 w - - 0 1
01-10 20:46:56 | INFO     | 1 | e1e2 | 0 | 6 | 0.00
01-10 20:46:56 | INFO     | 2 | e1e2 | 0 | 1 | 0.00
01-10 20:46:56 | INFO     | 3 | e1e2 | 0 | 18 | 0.00
01-10 20:46:56 | INFO     | 4 | e1e2 | 0 | 6 | 0.00
01-10 20:46:56 | INFO     | 5 | e1e2 | 0 | 128 | 0.00
01-10 20:46:56 | INFO     | 6 | e1e2 | 0 | 18 | 0.00
01-10 20:46:56 | INFO     | Position :- r1b2rk1/ppp2ppp/2n5/2bqp3/8/2NP1N2/PPP1QPPP/R1B2RK1 w - - 0 10
01-10 20:46:56 | INFO     | 1 | c3d5 | 7.75 | 243 | 0.01
01-10 20:46:56 | INFO     | 2 | c3d5 | 7.75 | 36 | 0.00
01-10 20:46:56 | INFO     | 3 | c3d5 | 9.75 | 2520 | 0.14
01-10 20:46:56 | INFO     | 4 | c3d5 | 9.75 | 255 | 0.01
01-10 20:47:08 | INFO     | 5 | c3d5 | 9.75 | 207716 | 11.55
01-10 20:47:08 | INFO     | 6 | c3d5 | 9.75 | 2923 | 0.08
01-10 20:47:08 | INFO     | Position :- 8/8/8/8/8/5K2/7P/7k w - - 0 1
01-10 20:47:08 | INFO     | 1 | f3g3 | 1 | 20 | 0.00
01-10 20:47:08 | INFO     | 2 | f3g3 | 1 | 9 | 0.00
01-10 20:47:08 | INFO     | 3 | f3g3 | 1 | 85 | 0.00
01-10 20:47:08 | INFO     | 4 | f3g3 | 1 | 20 | 0.00
01-10 20:47:08 | INFO     | 5 | f3g3 | 1 | 363 | 0.01
01-10 20:47:08 | INFO     | 6 | f3g3 | 1 | 85 | 0.00
01-10 20:47:08 | INFO     | Position :- r2qkb1r/pp2nppp/3p4/2pNN1B1/2BnP3/3P4/PPP2PPP/R2QK2R w KQkq - 1 0
01-10 20:47:08 | INFO     | 1 | d5e7 | 4.25 | 313 | 0.02
01-10 20:47:08 | INFO     | 2 | d5e7 | 4.25 | 50 | 0.00
01-10 20:47:08 | INFO     | 3 | d5f6 | 10003 | 2931 | 0.18
01-10 20:47:08 | INFO     | 4 | d5f6 | 10003 | 148 | 0.01
01-10 20:47:21 | INFO     | 5 | d5f6 | 10003 | 220472 | 13.14
01-10 20:47:22 | INFO     | 6 | d5f6 | 10003 | 12608 | 0.54
01-10 20:47:22 | INFO     | Position :- r1bqkbnr/pppp1ppp/2n5/4p3/4P3/5N2/PPPP1PPP/RNBQKB1R b KQkq - 3 2
01-10 20:47:22 | INFO     | 1 | g8e7 | 1.0 | 116 | 0.01
01-10 20:47:22 | INFO     | 2 | g8e7 | 1.0 | 31 | 0.00
01-10 20:47:22 | INFO     | 3 | g8f6 | -1.0 | 3670 | 0.22
01-10 20:47:22 | INFO     | 4 | g8f6 | -1.0 | 202 | 0.01
01-10 20:47:32 | INFO     | 5 | g8f6 | -1.0 | 161214 | 9.96
01-10 20:47:32 | INFO     | 6 | g8f6 | -1.0 | 3331 | 0.11
